EN data_memory NULL C:/Users/John/Desktop/ENSIMAG/VHDL/RMVO/data_memory.vhd sub00/vhpl05 1353693653
PB target target C:/Users/John/Desktop/ENSIMAG/VHDL/RMVO/target.vhd sub00/vhpl02 1353693648
PH config NULL C:/Users/John/Desktop/ENSIMAG/VHDL/RMVO/config.vhd sub00/vhpl07 1353693651
AR main behavioral C:/Users/John/Desktop/ENSIMAG/VHDL/RMVO/main.vhd sub00/vhpl10 1353693656
PH device NULL C:/Users/John/Desktop/ENSIMAG/VHDL/RMVO/device.vhd sub00/vhpl03 1353693649
PB device device C:/Users/John/Desktop/ENSIMAG/VHDL/RMVO/device.vhd sub00/vhpl04 1353693650
EN main NULL C:/Users/John/Desktop/ENSIMAG/VHDL/RMVO/main.vhd sub00/vhpl09 1353693655
AR data_memory behavioral C:/Users/John/Desktop/ENSIMAG/VHDL/RMVO/data_memory.vhd sub00/vhpl06 1353693654
PB config config C:/Users/John/Desktop/ENSIMAG/VHDL/RMVO/config.vhd sub00/vhpl08 1353693652
PH target NULL C:/Users/John/Desktop/ENSIMAG/VHDL/RMVO/target.vhd sub00/vhpl01 1353693647
EN alu NULL C:/Users/John/Desktop/ENSIMAG/VHDL/RMVO/alu.vhd sub00/vhpl00 1353684612
