V3 19
FL C:/Users/John/Desktop/ENSIMAG/VHDL/RMVO/alu.vhd 2012/11/23.16:31:02 P.28xd
EN work/alu 0 FL C:/Users/John/Desktop/ENSIMAG/VHDL/RMVO/alu.vhd \
      PB ieee/std_logic_1164 1341906176 PB ieee/STD_LOGIC_UNSIGNED 1341906179 \
      PB ieee/std_logic_arith 1341906177
AR work/alu/Behavioral 0 \
      FL C:/Users/John/Desktop/ENSIMAG/VHDL/RMVO/alu.vhd EN work/alu 0
FL C:/Users/John/Desktop/ENSIMAG/VHDL/RMVO/config.vhd 2012/11/23.17:22:32 P.28xd
PH work/config 1353693651 FL C:/Users/John/Desktop/ENSIMAG/VHDL/RMVO/config.vhd \
      PB ieee/std_logic_1164 1341906176 PB work/device 1353693650
PB work/config 1353693652 \
      FL C:/Users/John/Desktop/ENSIMAG/VHDL/RMVO/config.vhd PH work/config 1353693651
FL C:/Users/John/Desktop/ENSIMAG/VHDL/RMVO/data_memory.vhd 2012/11/23.17:24:28 P.28xd
EN work/data_memory 1353693653 \
      FL C:/Users/John/Desktop/ENSIMAG/VHDL/RMVO/data_memory.vhd \
      PB ieee/std_logic_1164 1341906176 PB work/config 1353693652
AR work/data_memory/Behavioral 1353693654 \
      FL C:/Users/John/Desktop/ENSIMAG/VHDL/RMVO/data_memory.vhd \
      EN work/data_memory 1353693653
FL C:/Users/John/Desktop/ENSIMAG/VHDL/RMVO/device.vhd 2012/11/23.17:19:05 P.28xd
PH work/device 1353693649 FL C:/Users/John/Desktop/ENSIMAG/VHDL/RMVO/device.vhd \
      PB ieee/std_logic_1164 1341906176 PB work/target 1353693648
PB work/device 1353693650 \
      FL C:/Users/John/Desktop/ENSIMAG/VHDL/RMVO/device.vhd PH work/device 1353693649
FL C:/Users/John/Desktop/ENSIMAG/VHDL/RMVO/main.vhd 2012/11/23.19:00:37 P.28xd
EN work/main 1353693655 FL C:/Users/John/Desktop/ENSIMAG/VHDL/RMVO/main.vhd \
      PB ieee/std_logic_1164 1341906176 PB work/config 1353693652
AR work/main/Behavioral 1353693656 \
      FL C:/Users/John/Desktop/ENSIMAG/VHDL/RMVO/main.vhd EN work/main 1353693655 \
      CP work/data_memory
FL C:/Users/John/Desktop/ENSIMAG/VHDL/RMVO/target.vhd 2012/11/23.17:18:22 P.28xd
PH work/target 1353693647 FL C:/Users/John/Desktop/ENSIMAG/VHDL/RMVO/target.vhd \
      PB ieee/std_logic_1164 1341906176
PB work/target 1353693648 \
      FL C:/Users/John/Desktop/ENSIMAG/VHDL/RMVO/target.vhd PH work/target 1353693647
